[backblue.gif]
[fade.gif]
[index.html]
[use.fontawesome.com/2f6d190f06.js]
[producttesting.uk.com/js/dropzone.js]
[producttesting.uk.com/img/ptusa/layout2/fbsmall.png]
[producttesting.uk.com/img/ptusa/layout2/twittersmall.png]
[producttesting.uk.com/img/ptusa/layout2/youtubesmall.png]
[producttesting.uk.com/img/ptusa/layout2/instagramsmall.png]
[producttesting.uk.com/img/ptuk/pt_logo_small.png]
[producttesting.uk.com/uploads/categories/technology.png]
[producttesting.uk.com/uploads/categories/beauty.png]
[producttesting.uk.com/uploads/categories/mysteryShoppers.png]
[producttesting.uk.com/uploads/categories/samples.png]
[producttesting.uk.com/uploads/categories/baby.png]
[producttesting.uk.com/uploads/categories/home.png]
[producttesting.uk.com/uploads/categories/entertainment.png]
[producttesting.uk.com/uploads/categories/fashion.png]
[producttesting.uk.com/uploads/categories/secretDiner.png]
[producttesting.uk.com/uploads/categories/healthFitness.png]
[producttesting.uk.com/uploads/categories/gaming.png]
[producttesting.uk.com/uploads/categories/pets.png]
[producttesting.uk.com/uploads/categories/garden.png]
[producttesting.uk.com/uploads/categories/foodDrink.png]
[producttesting.uk.com/uploads/categories/holidays.png]
[producttesting.uk.com/img/ptusa/layout2/fbmedium.png]
[producttesting.uk.com/img/ptusa/layout2/twittermedium.png]
[producttesting.uk.com/img/ptusa/layout2/youtubemedium.png]
[producttesting.uk.com/img/ptusa/layout2/instagrammedium.png]
[producttesting.uk.com/uploads/product_images/859_product.jpg]
[producttesting.uk.com/img/ptuk/layout2/mobilearrow.png]
[producttesting.uk.com/img/fbsignup.png]
[producttesting.uk.com/img/ptuk/layout2/desktoparrow.png]
[producttesting.uk.com/js/reengage.js]
[s3.amazonaws.com/ki.js/63969/eLw.js]
[ajax.googleapis.com/ajax/libs/jquery/1.10.0/jquery.min.js]
[producttesting.uk.com/js/jquery-1.10.0.min.js]
[producttesting.uk.com/js/responsiveslides.min.js]
[cdn.ravenjs.com/3.15.0/raven.min.js]
[use.typekit.net/xdh5any.js]
[producttesting.uk.com/js/ptuk/layout2/general.js]
[producttesting.uk.com/js/ptuk/banner.js]
[producttesting.uk.com/js/jquery.magnific-popup.min.js]
[producttesting.uk.com/js/jquery.validate.min.js]
[producttesting.uk.com/js/jquery.fitvids.js]
[producttesting.uk.com/js/ptuk/producte9c8.js]
[producttesting.uk.com/js/placeholders.min.js]
[producttesting.uk.com/js/mailcheck.min.js]
[producttesting.uk.com/js/moment.min.js]
[producttesting.uk.com/js/moment-timezone.min.js]
[producttesting.uk.com/js/f-end/countdown7f76.js]
[www.google-analytics.com/analytics.js]
[connect.facebook.net/en_US/fbds.js]
[s.btstatic.com/tag.js]
[a1.vdna-assets.com/analytics.js]
[pixel.quantserve.com/pixel/p-6p5bJvGYk0vQR9476.gif]
[producttesting.uk.com/859/free-iphone-se.html]
[producttesting.uk.com/css/normalize.css]
[producttesting.uk.com/img/tick.png]
[producttesting.uk.com/img/ptusa/tick.png]
[producttesting.uk.com/img/confetti.png]
[producttesting.uk.com/img/circle-1.png]
[producttesting.uk.com/img/circle-2.png]
[producttesting.uk.com/img/countdown-bg.png]
[producttesting.uk.com/css/ptuk/layout2/styles872c.css]
[producttesting.uk.com/css/animate.css]
[producttesting.uk.com/img/review-upload/reviewUploadBackground.jpg]
[producttesting.uk.com/img/review-upload/reviewUploadBackground-blur.jpg]
[producttesting.uk.com/css/reviewUpload.css]
[producttesting.uk.com/img/ptusa/menu.png]
[producttesting.uk.com/img/ptusa/menuclose.png]
[producttesting.uk.com/img/ptusa/home.png]
[producttesting.uk.com/img/ptusa/home_white.png]
[producttesting.uk.com/img/ptusa/layout2/chevronRight.png]
[producttesting.uk.com/img/ptusa/layout2/chevronDown.png]
[producttesting.uk.com/img/ptusa/menu-small.png]
[producttesting.uk.com/img/ptusa/menu-small-close.png]
[producttesting.uk.com/css/ptuk/banner.css]
[connect.facebook.net/en_US/fbds.js]
